?? AGENTS.md
?? FLW_HACKATHON_GUIDE.md
?? docs/
?? "\320\242\321\200\320\265\320\272\320\270/"
docs/runs/1300-feasibility-skill.log
docs/runs/1315-customer-sol.log
docs/runs/1314-customer-rules.log
docs/runs/1319-select-track-8.log
docs/runs/1315-customer-cases.log
docs/runs/1315-read-5-8.log
docs/runs/1314-track-inventory.log
docs/runs/1316-shortlist-inputs.log
docs/runs/1316-education-source.log
docs/runs/1315-case-text.log
docs/runs/1315-customer-cases-rest.log
docs/runs/1314-customer-inventory.log
docs/runs/1315-read-11-12-2.log
docs/runs/1316-education-read.log
docs/runs/1300-feasibility-agents.log
docs/runs/1318-track-report.log
docs/runs/1314-track-context.log
docs/runs/1316-supporting-inputs.log
docs/runs/1316-customer-sol.log
docs/runs/1315-cases-4-9.log
docs/runs/1319-selection-check.log
docs/runs/1315-feasibility-requirements.log
docs/runs/1316-feasibility-sol.log
