
FILE: HackAlem AI_ Система автопротоколирования совещаний с фиксацией поручений.docx BYTES: 198689 SHA256: e110d26b4eeace16498693b5add6cc0c6a709a0a1f6640e91386260b7023b88b
PART: word/document.xml
P1: Кейс Система автопротоколирования совещаний с фиксацией поручений
P2: Проблема и ценность
P3: Протоколы совещаний фиксируются вручную секретарями, что занимает много времени и создаёт риск потери или искажения поручений, сроков и ответственных лиц. Как следствие — снижается контроль исполнительской дисциплины. Автоматизация протоколирования освободит время секретарей и повысит прозрачность контроля за исполнением поручений.
P4: Пользователь и сценарий
P5: Сценарий 1. Секретарь совещания включает запись → участников уведомляют, что ведётся запись и транскрибация с помощью ИИ → система фиксирует реплики, распознаёт поручения (кто, что, к какому сроку) → по итогам совещания формируется саммари → управленческие сотрудники используют саммари для отслеживания хода работы и контроля сроков.
P6: Сценарий 2. Руководитель/куратор поручения получает автоматическое напоминание при приближении срока исполнения или при его просрочке.
P7: Техническая задача
P8: Разработать прототип ИИ-ассистента (например: бот/веб-интерфейс + backend + модуль распознавания речи), который:
P9: распознаёт речь участников (speech-to-text) на русском, казахском и «шала-казахском» (смешанной речи);
P10: различает говорящих (диаризация) и привязывает поручения к конкретному участнику;
P11: выделяет из транскрипта поручения с указанием ответственного лица и срока;
P12: формирует итоговое саммари совещания.
P13: Вход и выход
P14: Вход: Возможность подключаться в качестве участника teams, zoom, google meet, аудио/видеозапись совещания (или live-поток).
P15: Выход: текстовый протокол/транскрипт + структурированный список поручений (ответственный, срок, суть) + краткое саммари; экспорт итогового протокола в файл (PDF/DOCX).
P16: Данные и доступ
P17: Участники сами предоставляют тестовую аудиозапись совещания (реальную или смоделированную) на русском/казахском/смешанном языке. Использование синтетических/смоделированных записей допускается. При использовании реальных записей — данные должны быть анонимизированы для демонстрации.
P18: Обязательный минимум
P19: Распознавание речи участников.
P20: Понимание русского языка.
P21: Понимание казахского языка.
P22: Понимание шала-казахского (смешанной речи).
P23: Автоматическое выделение поручений с ответственным и сроком.
P24: Различение говорящих (диаризация) с привязкой поручения к конкретному человеку.
P25: Экспорт итогового протокола в файл (PDF/DOCX).
P26: Дополнительно
P27: интеграция с системами электронного документооборота (СЭД);
P28: дашборд со статусами поручений (в работе / просрочено / выполнено);
P29: автоматическая рассылка выдержки из протокола ответственным лицам;
P30: классификация поручений по срочности/направлению;
P31: голосовая идентификация участников по тембру;
P32: возможность развёртывания проекта в закрытом контуре заказчика (on-premise).
P33: Ограничения
P34: Решение должно допускать размещение в закрытом контуре заказчика; передача аудио/текста во внешние облачные API запрещена — участникам следует использовать локальные/self-hosted модели распознавания речи.
P35: Работа с чувствительной информацией — приватность и защита данных обязательны.
P36: Полноценная интеграция с СЭД и промышленное развёртывание — вне обязательной части.
P39: Критерий
P40: Что оцениваем
P41: Баллы
P42: Соответствие задаче и работоспособность
P43: Оценивается, насколько решение соответствует поставленной задаче и позволяет реализовать основной заявленный сценарий.
P44: 25
P45: Техническая реализация
P46: Оценивается качество технической реализации решения: выбранный подход, архитектура, взаимодействие компонентов, использование AI/agentic AI и других технологий. Учитывается соответствие фактической реализации заявленной логике проекта.
P47: 25
P48: README и воспроизводимость
P49: Оценивается, насколько документация позволяет понять устройство проекта, используемые технологии, порядок запуска и основной сценарий работы. Также учитывается возможность воспроизвести и проверить решение на основании материалов репозитория.
P50: 25
P51: Ценность и применимость решения
P52: Оценивается, насколько решение отвечает обозначенной проблеме. Учитывается практическая применимость представленного подхода.
P53: 15
P54: Потенциал развития и оригинальность подхода
P55: Оценивается потенциал дальнейшего развития решения, его применения в более широком масштабе, а также наличие обоснованных нестандартных или оригинальных подходов к реализации задачи.
P56: 10
P57: Итого
P58: —
P59: 100
TABLES: 1 IMAGES: 0

FILE: Протокол_совещания№1.docx BYTES: 12894 SHA256: c2f5210106b96317730a06f71c29990f3876f70533b6c8671b30d04396a856e2
PART: word/document.xml
P1: Протокол совещания
P2: АО «Самрук-Қазына Ондеу»
P3: Тема: Развитие химической промышленности и техника безопасности
P4: Часть 1. Развитие химической промышленности
P5: Асхат Ерланович  (заместитель председателя правления)
P6: Коллеги, начинаем. На повестке один вопрос — состояние и перспективы развития химической отрасли в рамках группы. Прошу коротко и по существу, у нас пять минут. Гульмира Сериковна, вам слово по текущей ситуации.
P7: Гульмира Сериковна  (директор департамента промышленной политики)
P8: Спасибо. По итогам девяти месяцев загрузка мощностей на химических активах группы держится на уровне семьдесят один процент. Основная проблема — устаревшее оборудование на двух площадках и отсутствие единой стратегии закупа сырья. Мы теряем на логистике до восьми процентов от себестоимости продукции.
P9: Асхат Ерланович
P10: Понятно. Тимур Болатович, что у вас по инвестпроектам?
P11: Тимур Болатович  (директор департамента инвестиций)
P12: По проекту модернизации завода в Павлодарской области — техническое обоснование готово на шестьдесят процентов. Задержка связана с несогласованностью с проектным институтом по срокам поставки катализаторов. Нужно решение по финансированию до конца квартала, иначе сдвигаем запуск на полгода.
P13: Асхат Ерланович
P14: Это недопустимо. Айнур Каировна, вы курируете взаимодействие с проектным институтом — что предлагаете?
P15: Айнур Каировна  (руководитель управления взаимодействия с подрядчиками)
P16: Предлагаю провести совместное совещание с институтом до конца недели и зафиксировать финальный график поставок. Также считаю нужным подключить юридический департамент для проверки штрафных санкций по текущему контракту.
P17: Асхат Ерланович
P18: Согласен. Фиксируем поручения. Первое: разработать единую стратегию закупа сырья для химических активов группы — ответственный Гульмира Сериковна, срок до 15 октября. Второе: провести совещание с проектным институтом и зафиксировать график поставки катализаторов — ответственный Айнур Каировна, срок до 26 сентября. Третье: подготовить финансовое решение по проекту модернизации завода в Павлодарской области — ответственный Тимур Болатович, срок до 30 сентября. Четвёртое: провести юридическую проверку штрафных санкций по контракту — юридический департамент, срок до 30 сентября. Пятое: представить сводный отчёт на следующем совещании — ответственный Гульмира Сериковна, срок к 20 октября.
P20: Часть 2. Техника безопасности
P21: Асхат Ерланович
P22: Так, по химической промышленности закрыли. Переходим ко второму вопросу — техника безопасности на производственных площадках. Нурлан Сагатович, у нас же на прошлой неделе было происшествие на Павлодарском заводе?
P23: Нурлан Сагатович  (руководитель службы охраны труда и промбезопасности)
P24: Да, было. Разгерметизация на линии, слава богу без пострадавших. Но комиссия установила — датчики утечки газа не проходили поверку с прошлого года.
P25: Асхат Ерланович
P26: Как это возможно? У нас же график поверки есть.
P27: Нурлан Сагатович
P28: График есть, а исполнения нет. Подрядчик, который отвечает за метрологию, сорвал сроки, а мы это не проконтролировали.
P29: Асхат Ерланович
P30: Так, это недопустимо, коллеги. Гульмира Сериковна, вы же курируете подрядчиков по этому направлению?
P31: Гульмира Сериковна
P32: По этому конкретно подрядчику — да.
P33: Асхат Ерланович
P34: Значит так — до пятницы разберитесь с этим подрядчиком, почему сорвали график, и доложите мне лично. Если систематически нарушают — расторгаем договор, ищем замену.
P35: Гульмира Сериковна
P36: Хорошо, сделаю.
P37: Асхат Ерланович
P38: Нурлан Сагатович, а по остальным площадкам ситуация такая же или это разовый случай?
P39: Нурлан Сагатович
P40: Нужно проверить. У нас одиннадцать площадок, полную картину я сейчас не дам.
P41: Асхат Ерланович
P42: Так проверьте. Мне нужен полный аудит по всем датчикам утечки и средствам индивидуальной защиты на всех одиннадцати площадках. Две недели вам достаточно?
P43: Нурлан Сагатович
P44: Две недели маловато, там же ещё документооборот с площадками...
P45: Асхат Ерланович
P46: Хорошо, три недели, но не больше. К пятнадцатому октября жду сводный отчёт по каждой площадке отдельно.
P47: Нурлан Сагатович
P48: Принято.
P49: Тимур Болатович
P50: Асхат Ерланович, можно добавить? У нас же по инвестпроекту в Павлодаре закладывалось обновление оборудования, в том числе датчиков. Может, синхронизировать с аудитом Нурлана Сагатовича, чтобы два раза не проверять одно и то же?
P51: Асхат Ерланович
P52: Логично. Тимур Болатович, свяжитесь с Нурланом Сагатовичем на этой неделе, согласуйте, что уже включено в инвестплан, а что нужно отдельно закупать по безопасности. Не задваивайте бюджет.
P53: Тимур Болатович
P54: Понял, на этой неделе созвонимся.
P55: Айнур Каировна
P56: А по обучению персонала что делаем? Если датчики не работали год, значит и инструктажи, скорее всего, формальные.
P57: Асхат Ерланович
P58: Хороший вопрос. Нурлан Сагатович, когда последний раз был внеплановый инструктаж по газоопасным работам?
P59: Нурлан Сагатович
P60: По плану — в марте. Внеплановых после инцидента ещё не проводили.
P61: Асхат Ерланович
P62: Вот и проводите. На следующей неделе — внеплановый инструктаж на всех площадках, особенно там, где газоопасные работы. И это не для галочки, а с реальной проверкой знаний.
P63: Нурлан Сагатович
P64: Сделаем, отчитаюсь после проведения.
P65: Асхат Ерланович
P66: Хорошо. И последнее по этой теме — Айнур Каировна, раз вы подняли вопрос, возьмите на себя связь с юридическим департаментом, проверьте, есть ли у нас основания для претензии к подрядчику за сорванную поверку датчиков. Может, там и материальная ответственность предусмотрена.
P67: Айнур Каировна
P68: Хорошо, запрошу у юристов заключение, к среде будет ответ.
P69: Асхат Ерланович
P70: Отлично. Итого — жду от каждого: Гульмира Сериковна по подрядчику до пятницы, Нурлан Сагатович полный аудит к пятнадцатому октября плюс инструктаж на следующей неделе, Тимур Болатович согласование бюджета на этой неделе, Айнур Каировна ответ юристов к среде. На этом по безопасности всё, коллеги, спасибо, все свободны.
P71: Саммари по ключевым пунктам
P72: Тема 1 — Химическая промышленность
P73: Загрузка мощностей группы — 71%, потери на логистике до 8% себестоимости. Проект модернизации Павлодарского завода: ТЭО готово на 60%, риск сдвига запуска на полгода без решения по финансированию.
P74: Поручение
P75: Ответственный
P76: Срок
P77: Разработать единую стратегию закупа сырья
P78: Гульмира Сериковна
P79: 15 октября
P80: Согласовать график поставок с проектным институтом
P81: Айнур Каировна
P82: 26 сентября
P83: Подготовить финансовое решение по Павлодарскому заводу
P84: Тимур Болатович
P85: 30 сентября
P86: Юридическая проверка штрафных санкций по контракту
P87: Юридический департамент
P88: 30 сентября
P89: Сводный отчёт на следующем совещании
P90: Гульмира Сериковна
P91: 20 октября
P92: Тема 2 — Техника безопасности
P93: Причина инцидента: датчики утечки газа не проходили поверку год из-за срыва графика подрядчиком. Риски: проблема может носить системный характер (всего 11 площадок), инструктажи проводятся формально.
P94: Поручение
P95: Ответственный
P96: Срок
P97: Разобраться с подрядчиком-нарушителем, доложить лично
P98: Гульмира Сериковна
P99: Пятница
P100: Полный аудит датчиков и СИЗ на 11 площадках
P101: Нурлан Сагатович
P102: 15 октября
P103: Внеплановый инструктаж по газоопасным работам
P104: Нурлан Сагатович
P105: Следующая неделя
P106: Согласовать бюджет безопасности с инвестпланом
P107: Тимур Болатович
P108: Текущая неделя
P109: Заключение юристов по претензии к подрядчику
P110: Айнур Каировна
P111: Среда
TABLES: 2 IMAGES: 0
PART: word/footnotes.xml
TABLES: 0 IMAGES: 0
PART: word/endnotes.xml
TABLES: 0 IMAGES: 0
PART: word/comments.xml
TABLES: 0 IMAGES: 0

FILE: Протокол_совещания№2.docx BYTES: 12467 SHA256: 0bcee5d2fdbed172beaaa758627bb78dd0b523ab48789833e949e62da61dfdb5
PART: word/document.xml
P1: Протокол совещания
P2: АО «Самрук-Қазына Ондеу»
P3: Тема: Доклады по производственным показателям направлений
P4: Текст совещания
P5: Данияр Серикович  (заместитель председателя правления)
P6: Коллеги, начинаем оперативное совещание. Формат сегодня такой — каждый докладывает по своему направлению: показатели, проблема, если есть, и что предлагаете. Начнём с Ботагоз Нурлановны.
P7: Ботагоз Нурлановна  (директор департамента промышленной политики)
P8: По химическому направлению за август: выпуск продукции — 94% от плана, недобор в основном по полимерной группе. Проблема — срыв поставки сырья от казахстанского поставщика, третий месяц подряд задержка на 5-7 дней, из-за этого простаивает линия.
P9: Данияр Серикович
P10: Так, с этим тянуть нельзя. Смотрите — параллельно ищите второго поставщика, хотя бы на 30% объёма, чтобы не зависеть от одного. И сразу выставляйте претензию нынешнему по договору, там же должна быть неустойка за срыв сроков. Кто у вас курирует договорную работу?
P11: Ботагоз Нурлановна
P12: Есть юрист в департаменте, Ерлан.
P13: Данияр Серикович
P14: Хорошо, пусть Ерлан до конца недели подготовит претензию, а вы параллельно за две недели найдите альтернативного поставщика хотя бы для расчёта. Потом сравним условия и решим окончательно.
P15: Ботагоз Нурлановна
P16: Поняла, сделаем.
P17: Данияр Серикович
P18: Жандос Талгатович, по инвестициям что у нас?
P19: Жандос Талгатович  (директор департамента инвестиций)
P20: По инвестпрограмме на сентябрь — освоение 68% от планового бюджета. Причина отставания — по трём проектам подрядчики не успевают со сдачей документации, соответственно платежи не проходят.
P21: Данияр Серикович
P22: А по каким конкретно проектам?
P23: Жандос Талгатович
P24: Павлодарский завод и ещё два проекта поменьше в регионах.
P25: Данияр Серикович
P26: Понятно. Смотрите, здесь два пути — либо ждём и теряем темп, либо садимся с подрядчиками и жёстко прописываем еженедельные контрольные точки со штрафами за просрочку документации. Предлагаю второй вариант. Соберите совещание с подрядчиками на этой неделе, зафиксируйте новый график с промежуточными датами, а не только финальный срок сдачи.
P27: Жандос Талгатович
P28: Хорошо, на этой неделе организуем.
P29: Данияр Серикович
P30: И мне по итогам этого совещания — короткую справку, что решили с подрядчиками.
P31: Жандос Талгатович
P32: Сделаю.
P33: Данияр Серикович
P34: Ерболат Мухтарович, по вашему направлению?
P35: Ерболат Мухтарович  (руководитель службы охраны труда и промбезопасности)
P36: По травматизму и промбезопасности показатель в норме, серьёзных инцидентов за месяц не было. Но есть проблема по обучению — у нас 12% персонала на производственных площадках с просроченными сертификатами по технике безопасности, кадровая служба не успевает организовывать переаттестацию.
P37: Данияр Серикович
P38: Двенадцать процентов — это много. Люди без сертификата фактически работают незаконно, это же прямой риск для компании при проверке.
P39: Ерболат Мухтарович
P40: Согласен, проблема в пропускной способности учебного центра — очередь на переаттестацию.
P41: Данияр Серикович
P42: Тогда давайте так — организуйте дополнительные группы, если нужно, привлеките внешнего сертифицированного тренера на подряд, чтобы закрыть очередь за месяц. Это не тот вопрос, где можно ждать в общей очереди.
P43: Ерболат Мухтарович
P44: Понял, найду тренера, за неделю дам смету по доп.группам.
P45: Данияр Серикович
P46: Хорошо, жду смету, согласуем бюджет быстро, тянуть не будем.
P47: Данияр Серикович
P48: Салтанат Ерболовна, у вас как с подрядчиками, по показателям что?
P49: Салтанат Ерболовна  (руководитель управления взаимодействия с подрядчиками)
P50: По количеству активных договоров всё в рамках плана, но есть проблема — участились случаи, когда подрядчики выставляют счета с задержкой, а потом требуют оплату задним числом, из-за этого путаница в бюджете квартала.
P51: Данияр Серикович
P52: Это системная недисциплинированность или конкретные подрядчики?
P53: Салтанат Ерболовна
P54: В основном три-четыре компании постоянно так делают.
P55: Данияр Серикович
P56: Тогда прямое решение — пропишите в новых договорах жёсткий срок выставления счёта, например пять рабочих дней после выполнения работ, и штрафную санкцию за нарушение. А по текущим договорам с этими подрядчиками — направьте официальное уведомление, что с определённой даты просроченные счета приниматься не будут.
P57: Салтанат Ерболовна
P58: Хорошо, подготовлю уведомление и обновлю шаблон договора.
P59: Данияр Серикович
P60: Отлично, коллеги. Подытожим — Ботагоз Нурлановна: претензия поставщику и поиск альтернативы за две недели. Жандос Талгатович: совещание с подрядчиками на этой неделе и справка мне. Ерболат Мухтарович: смета по доп.группам за неделю. Салтанат Ерболовна: уведомление подрядчикам и новый шаблон договора. Все свободны, спасибо.
P61: Саммари по ключевым пунктам
P62: Каждое направление доложило показатели, обозначило проблему, председатель сразу дал поручение с предварительным вариантом решения.
P63: Направление / доклад
P64: Показатель
P65: Проблема
P66: Химическая промышленность (Ботагоз Нурлановна)
P67: Выпуск 94% от плана
P68: Срыв поставки сырья поставщиком, простой линии
P69: Инвестиции (Жандос Талгатович)
P70: Освоение бюджета 68%
P71: Подрядчики не сдают документацию вовремя по 3 проектам
P72: Охрана труда (Ерболат Мухтарович)
P73: Травматизм в норме
P74: 12% персонала с просроченными сертификатами
P75: Работа с подрядчиками (Салтанат Ерболовна)
P76: Договоры в рамках плана
P77: Просроченное выставление счетов, путаница в бюджете
P78: Поручения
P79: Поручение
P80: Ответственный
P81: Срок
P82: Подготовить претензию поставщику за срыв сроков
P83: Ерлан (юрист департамента)
P84: До конца недели
P85: Найти альтернативного поставщика сырья (расчёт)
P86: Ботагоз Нурлановна
P87: 2 недели
P88: Провести совещание с подрядчиками, зафиксировать график с контрольными точками
P89: Жандос Талгатович
P90: Текущая неделя
P91: Предоставить справку по итогам совещания с подрядчиками
P92: Жандос Талгатович
P93: После совещания с подрядчиками
P94: Организовать доп. группы / привлечь внешнего тренера, подготовить смету
P95: Ерболат Мухтарович
P96: 1 неделя (смета)
P97: Подготовить уведомление подрядчикам и обновить шаблон договора
P98: Салтанат Ерболовна
P99: Не указан
TABLES: 2 IMAGES: 0
PART: word/footnotes.xml
TABLES: 0 IMAGES: 0
PART: word/endnotes.xml
TABLES: 0 IMAGES: 0
PART: word/comments.xml
TABLES: 0 IMAGES: 0

FILE: Совещание №1.mp3 BYTES: 4426407 SHA256: 0f18f11a6f65f9a2bad6497f387b224c775885a03a811edf3fb15c5238db6f54
Audio metadata reader unavailable; audio content not transcribed.

FILE: Совещание №2.mp3 BYTES: 3334695 SHA256: b7a42833d0691b99af300a24c7dcdeaf05378355633fb867ef6bfc9e2a8f8f46
Audio metadata reader unavailable; audio content not transcribed.
