# kz_01 — эталон тестовой записи (казахский)

- Аудио: `kz_01.m4a` (AAC, 44.1 кГц, моно, 70 с).
- Язык: казахский (M3).
- Дата встречи для нормализации сроков: **23.09.2026 (среда)**.
- Голосов: **1** — все роли читает один человек. Диаризация (M6) на этой записи не оценивается.
- Имена вымышленные, реальных персональных данных нет. Записано участником команды 23.09.2026, происхождение — собственная запись.
- Текст ниже — сценарий, по которому читали. Точное совпадение с произнесённым не сверено на слух; перед расчётом WER сверить и исправить отклонения.

## Сценарий (имена ролей не произносились)

**Асхат** (ведёт встречу), **Динара**, **Ерлан**.

> **Асхат:** Қайырлы күн, әріптестер. Бүгін екі мәселені талқылаймыз: жаңа кеңсеге көшу және тоқсандық есеп.
> **Динара:** Көшу бойынша: жиһаз жеткізушісімен келісімшартқа әлі қол қойылған жоқ.
> **Асхат:** Динара, келісімшартты жұма күнге дейін қол қоюға дайындаңызшы.
> **Динара:** Жақсы, жұмаға дейін дайындаймын.
> **Ерлан:** Тоқсандық есеп бойынша қаржы бөлімінен деректер әлі келген жоқ.
> **Асхат:** Ерлан, қаржы бөлімімен сөйлесіп, есептің жобасын он бесінші қазанға дейін жіберіңіз.
> **Ерлан:** Он бесінші қазан ерте болуы мүмкін. Жиырмасына дейін болады ма?
> **Асхат:** Жарайды, жиырмасыншы қазанға дейін.
> **Асхат:** Сондай-ақ заң бөлімі жаңа кеңсенің жалға алу шартын тексерсін. Мерзімі — келесі аптаның соңына дейін.
> **Динара:** Тағы бір сұрақ: кеңседегі интернетке кім жауап береді?
> **Асхат:** Оны кейін шешеміз, әзірге ешкімге тапсырмаймыз.
> **Асхат:** Қорытындылайық: Динара — жұмаға дейін келісімшарт, Ерлан — жиырмасыншы қазанға дейін есеп жобасы, заң бөлімі — келесі апта соңына дейін шартты тексеру. Рақмет.

## Ожидаемые поручения

| # | Суть | Ответственный | Исходный срок | Нормализованный срок |
|---|---|---|---|---|
| 1 | Подготовить договор с поставщиком мебели к подписанию | Динара | жұма күнге дейін (до пятницы) | 25.09.2026 |
| 2 | Связаться с финансовым отделом и отправить проект квартального отчёта | Ерлан | жиырмасыншы қазанға дейін (до 20 октября) | 20.10.2026 |
| 3 | Проверить договор аренды нового офиса | Заң бөлімі (юридический отдел) | келесі аптаның соңына дейін (до конца следующей недели) | неоднозначно: 02.10.2026 (пт) или 04.10.2026 (вс) — показать неопределённость |

## Что проверяется

- Перенос срока: 15.10 → 20.10 по просьбе исполнителя. Ожидается одно поручение со сроком 20.10, не два.
- Исполнитель-подразделение (юридический отдел), а не выдуманный человек.
- «Интернет в офисе» — вопрос без исполнителя, явно не поручается. Поручением быть не должен.
- Итоговое перечисление в конце повторяет поручения — дублей быть не должно.
- Год у «20 октября» берётся из даты встречи, не угадывается.
# mix_01 — эталон тестовой записи (смешанная речь, шала-казахский)

- Аудио: `mix_01.m4a` (AAC, 44.1 кГц, моно, 55 с).
- Язык: смешанный русский и казахский, включая переключение внутри фразы (M4).
- Дата встречи для нормализации сроков: **23.09.2026 (среда)**.
- Голосов: **1** — все роли читает один человек. Диаризация (M6) на этой записи не оценивается.
- Имена вымышленные, реальных персональных данных нет. Записано участником команды 23.09.2026, происхождение — собственная запись.
- Текст ниже — сценарий, по которому читали. Точное совпадение с произнесённым не сверено на слух; перед расчётом WER сверить и исправить отклонения.

## Сценарий (имена ролей не произносились)

**Айгерим** (ведёт встречу), **Нурлан**, **Салтанат**. Упоминается **Бауыржан** — на встрече не присутствует.

> **Айгерим:** Так, коллеги, давайте начнём. Бүгін бізде екі сұрақ: сайттың релизі и закупка ноутбуков.
> **Нурлан:** По релизу — тестирование әлі бітпеді, багтар көп, штук двадцать осталось.
> **Айгерим:** Нурлан, сен багтарды закрой до следующей среды, жарай ма?
> **Нурлан:** Хорошо, до среды жабамын.
> **Айгерим:** Салтанат, ноутбуктар бойынша три коммерческих предложения собери, бірақ асықпа, срок — конец месяца.
> **Салтанат:** Понятно. Бухгалтерияға айту керек пе?
> **Айгерим:** Иә, Бауыржанға айт, пусть он подготовит бюджет на закупку к двадцать пятому числу.
> **Нурлан:** Если релиз сдвинется, клиентке кім хабарлайды?
> **Айгерим:** Если сдвинется — я сама клиентке жазамын. Но пока релиз не переносим.
> **Айгерим:** Итак, қорытынды: Нурлан — баги до среды, Салтанат — три КП до конца месяца, Бауыржан — бюджет к двадцать пятому. Всем рахмет.

## Ожидаемые поручения

| # | Суть | Ответственный | Исходный срок | Нормализованный срок |
|---|---|---|---|---|
| 1 | Закрыть оставшиеся баги перед релизом (около 20) | Нурлан | до следующей среды | 30.09.2026 |
| 2 | Собрать три коммерческих предложения на ноутбуки | Салтанат | конец месяца | 30.09.2026 |
| 3 | Подготовить бюджет на закупку ноутбуков | Бауыржан (на встрече нет) | к двадцать пятому числу | 25.09.2026 |
| 4 | Условное: сообщить клиенту, **если** релиз сдвинется | Айгерим | не указан | не указан |

## Что проверяется

- Переключение языка внутри фразы: «сен багтарды закрой до следующей среды», «ноутбуктар бойынша три коммерческих предложения собери».
- Исполнитель, который не присутствует и не говорит (Бауыржан); задача передаётся через Салтанат, но исполнитель — Бауыржан, не Салтанат и не Айгерим.
- Условное поручение №4 сохраняет условие «если релиз сдвинется» и не превращается в безусловное; решение «релиз не переносим» — не поручение.
- Итоговое перечисление в конце повторяет поручения — дублей быть не должно.
origin	https://github.com/BAITC-Hacks/hack-d7cbffb9-kaskyralmaty.git (fetch)
origin	https://github.com/BAITC-Hacks/hack-d7cbffb9-kaskyralmaty.git (push)
uv 0.8.16 (2de677b0d 2025-09-09)
total 15624
-rw-r--r--@ 1 aleka  staff   194K Sep 23 13:09 HackAlem AI_ Система автопротоколирования совещаний с фиксацией поручений.docx
-rw-r--r--@ 1 aleka  staff    13K Sep 23 13:10 Протокол_совещания№1.docx
-rw-r--r--@ 1 aleka  staff    12K Sep 23 13:10 Протокол_совещания№2.docx
-rw-r--r--@ 1 aleka  staff   4.2M Sep 23 13:10 Совещание №1.mp3
-rw-r--r--@ 1 aleka  staff   3.2M Sep 23 13:10 Совещание №2.mp3
