[main 975a2e7] Добавлен каркас MP3 → DOCX; проверка моделей и воспроизведение ещё не завершены
 19 files changed, 1726 insertions(+)
 create mode 100644 .dockerignore
 create mode 100644 .python-version
 create mode 100644 Dockerfile
 create mode 100644 compose.yaml
 create mode 100644 "docs/\320\242\321\200\320\265\320\272 8 \320\230\320\275\320\275\320\276\320\262\320\260\321\206\320\270\320\270/HackAlem AI_ \320\241\320\270\321\201\321\202\320\265\320\274\320\260 \320\260\320\262\321\202\320\276\320\277\321\200\320\276\321\202\320\276\320\272\320\276\320\273\320\270\321\200\320\276\320\262\320\260\320\275\320\270\321\217 \321\201\320\276\320\262\320\265\321\211\320\260\320\275\320\270\320\271 \321\201 \321\204\320\270\320\272\321\201\320\260\321\206\320\270\320\265\320\271 \320\277\320\276\321\200\321\203\321\207\320\265\320\275\320\270\320\271.docx"
 create mode 100644 "docs/\320\242\321\200\320\265\320\272 8 \320\230\320\275\320\275\320\276\320\262\320\260\321\206\320\270\320\270/\320\237\321\200\320\276\321\202\320\276\320\272\320\276\320\273_\321\201\320\276\320\262\320\265\321\211\320\260\320\275\320\270\321\217\342\204\2261.docx"
 create mode 100644 "docs/\320\242\321\200\320\265\320\272 8 \320\230\320\275\320\275\320\276\320\262\320\260\321\206\320\270\320\270/\320\237\321\200\320\276\321\202\320\276\320\272\320\276\320\273_\321\201\320\276\320\262\320\265\321\211\320\260\320\275\320\270\321\217\342\204\2262.docx"
 create mode 100644 "docs/\320\242\321\200\320\265\320\272 8 \320\230\320\275\320\275\320\276\320\262\320\260\321\206\320\270\320\270/\320\241\320\276\320\262\320\265\321\211\320\260\320\275\320\270\320\265 \342\204\2261.mp3"
 create mode 100644 "docs/\320\242\321\200\320\265\320\272 8 \320\230\320\275\320\275\320\276\320\262\320\260\321\206\320\270\320\270/\320\241\320\276\320\262\320\265\321\211\320\260\320\275\320\270\320\265 \342\204\2262.mp3"
 create mode 100644 meeting_protocol/__init__.py
 create mode 100644 meeting_protocol/__main__.py
 create mode 100644 meeting_protocol/pipeline.py
 create mode 100644 meeting_protocol/protocol.py
 create mode 100644 meeting_protocol/web.py
 create mode 100644 pyproject.toml
 create mode 100644 scripts/gpu-python.sh
 create mode 100644 scripts/smoke_models.py
 create mode 100644 tests/test_protocol.py
 create mode 100644 uv.lock
975a2e7
To https://github.com/BAITC-Hacks/hack-d7cbffb9-kaskyralmaty.git
   b07d7b4..975a2e7  HEAD -> main
