    <label>Участники <textarea id="participants" name="participants" rows="6" style="width:100%" placeholder="Каждое ФИО с новой строки"></textarea></label>
    <small>Укажите участников и известных ответственных, в том числе не выступавших. Тема и имена передаются только агенту для разбора, не в распознавание речи. Для двух комплектных MP3 поля заполняются по эталонным протоколам; фамилии, которых нет в источнике, не добавлены.</small>
    <p id="context-note" aria-live="polite"></p>
    <button id="submit">Получить DOCX</button><p>Обработка может занять несколько минут. В режиме воспроизведения доступны только два комплектных MP3; изменение темы или участников требует GPU.</p></form>
    <script>
    const presets = {presets};
    let selection = 0;
    document.getElementById('audio').addEventListener('change', async event => {{
      const current = ++selection;
      const file = event.target.files[0];
      const submit = document.getElementById('submit');
      submit.disabled = true;
      try {{
        let preset;
        if (file && file.size <= 100 * 1024 * 1024) {{
          const hash = await crypto.subtle.digest('SHA-256', await file.arrayBuffer());
          const digest = Array.from(new Uint8Array(hash), b => b.toString(16).padStart(2, '0')).join('');
          preset = presets[digest];
        }}
        if (current !== selection) return;
        document.getElementById('topic').value = preset?.topic || '';
        document.getElementById('participants').value = (preset?.participants || []).join('\u005cn');
        document.getElementById('context-note').textContent = preset ? 'Тема и имена заполнены: ' + preset.label + '. Проверьте перед отправкой.' : 'Введите тему и участников своей встречи.';
      }} catch {{
        if (current === selection) document.getElementById('context-note').textContent = 'Не удалось заполнить поля автоматически; введите тему и участников вручную.';
      }} finally {{ if (current === selection) submit.disabled = false; }}
    }});
    </script></html>"""


@app.get("/health")
def health():
    return {"status": "ok", "mode": os.environ.get("APP_MODE", "replay")}


@app.post("/protocol")
def protocol(audio: UploadFile = File(...), meeting_date: date = Form(...),
             participants: str | None = Form(None), topic: str | None = Form(None)):
    mode = os.environ.get("APP_MODE", "replay")
    if mode not in {"replay", "gpu"}:
        raise HTTPException(503, "Некорректный режим сервиса")
    if not processing.acquire(blocking=False):
        raise HTTPException(409, "Уже обрабатывается запись, повторите после завершения")
    try:
        with tempfile.TemporaryDirectory(prefix="meeting-") as directory:
            path = Path(directory) / Path(audio.filename or "recording.mp3").name
            total = 0
            with path.open("wb") as target:
                while chunk := audio.file.read(1024 * 1024):
                    total += len(chunk)
                    if total > 100 * 1024 * 1024:
                        raise HTTPException(413, "Запись больше 100 МБ")
                    target.write(chunk)
            context = resolve_context(path, participants, topic)
            if mode == "replay":
                result = replay(path, context=context)
                if result.meeting_date != meeting_date:
                    raise ValueError("Для сохранённых примеров дата встречи — 2026-09-23")
            else:
                from .pipeline import process
                result = process(path, meeting_date, context)
            return Response(export_docx(result, replay_mode=mode == "replay"),
                            media_type="application/vnd.openxmlformats-officedocument.wordprocessingml.document",
                            headers={"Content-Disposition": 'attachment; filename="protocol.docx"'})
    except ValueError as error:
        raise HTTPException(422, str(error)) from error
 docs/LOG.md                            |  1 +
 docs/PLAN.md                           |  4 +++
 docs/runs/1425-scope-commit-result.log | 19 ++++++++++++
 meeting_protocol/__main__.py           |  9 ++++--
 meeting_protocol/pipeline.py           | 53 +++++++++++++++++++++++++++-------
 meeting_protocol/protocol.py           | 35 +++++++++++++++++++++-
 meeting_protocol/web.py                | 44 ++++++++++++++++++++++++----
 scripts/check.sh                       |  7 +++++
 8 files changed, 152 insertions(+), 20 deletions(-)
