Совещание 1 2026-09-23T10:37:31.579096+00:00
Гульмира Сериковна : Разработать единую стратегию закупа сырья для химических активов группы | до 15 октября
Айнур Каировна : Провести совещание с проектным институтом и зафиксировать график поставки катализаторов | до 26 сентября
Тимур Болатович : Подготовить финансовое решение по проекту модернизации завода в Атраусской области | до 30 сентября
юридический департамент : Провести юридическую проверку штрафных санкций по контракту | до 30 сентября
Гульмира Сериковна : Представить сводный отчет на следующем совещании | к 20 октября
Гульмира Сериковна : Разобраться с подрядчиком по направлению техники безопасности, при систематических нарушениях расторгнуть договор и найти замену | до пятницы
Нурлан Сагатович : Провести проверку ситуации с техникой безопасности на всех 11 площадках и предоставить сводный отчет по каждой площадке отдельно | к 15 октября
Тимур Болатович : Связаться с Нурланом Сагатовичем для синхронизации аудита и инвестпроекта в Павлодаре | на этой неделе
Нурлан Сагатович : Провести внеплановый инструктаж по газоопасным работам с реальной проверкой знаний | на следующей неделе
Айнур Каировна : Запросить у юристов заключение о материальной ответственности | к среде
Исходные реплики не изменились: True
Совещание 2 2026-09-23T10:38:02.358295+00:00
Ерлан : Подготовить претензию к казахстанскому поставщику сырья по договору (неустойка за срыв сроков) | до конца недели
Ботагоз Нурлановна : Найти альтернативного поставщика сырья (хотя бы на 30% объема) для расчета и сравнения условий | за две недели
Жандос Талгатович : Организовать совещание с подрядчиками по инвестиционным проектам, зафиксировать новый график с промежуточными контрольными точками и штрафами за просрочку документации | на этой неделе
Жандос Талгатович : Подготовить короткую справку по итогам совещания с подрядчиками | None
Ерболат Мухтарович : Организовать дополнительные группы переаттестации по технике безопасности, при необходимости привлечь внешнего сертифицированного тренера на подряд для закрытия очереди | за месяц
Ерболат Мухтарович : Подготовить смету на организацию дополнительных групп и привлечение внешнего тренера | за неделю
Салтанат Ерболовна : Обновить шаблон договора с подрядчиками: прописать жесткий срок выставления счета (5 рабочих дней после выполнения работ) и штрафную санкцию за нарушение | не больше недели
Салтанат Ерболовна : Направить официальное уведомление текущим подрядчикам о том, что с определенной даты просроченные счета приниматься не будут | None
Исходные реплики не изменились: True
